webm_vp9 60s sw run1: 110.66s
webm_vp9 60s sw run2: 109.58s
webm_vp9 60s sw run3: 112.07s
compress_crf28 60s sw run1: 13.07s
compress_crf28 60s sw run2: 13.07s
compress_crf28 60s sw run3: 12.59s
compress_crf28 60s hw run1: 4.06s
compress_crf28 60s hw run2: 4.01s
compress_crf28 60s hw run3: 4.00s
audio_mp3 60s sw run1: 0.44s
audio_mp3 60s sw run2: 0.43s
audio_mp3 60s sw run3: 0.44s
gif_480_15 60s sw run1: 28.21s
gif_480_15 60s sw run2: 28.16s
gif_480_15 60s sw run3: 28.07s
trim_copy 60s sw run1: 0.04s
trim_copy 60s sw run2: 0.04s
trim_copy 60s sw run3: 0.04s
stripmeta_copy 60s sw run1: 0.05s
stripmeta_copy 60s sw run2: 0.05s
stripmeta_copy 60s sw run3: 0.05s
rotate90 60s sw run1: 12.27s
rotate90 60s sw run2: 12.36s
rotate90 60s sw run3: 12.34s
rotate90 60s hw run1: 4.01s
rotate90 60s hw run2: 4.02s
rotate90 60s hw run3: 4.02s
webm_vp9 150s sw run1: 247.23s
webm_vp9 150s sw run2: 244.39s
webm_vp9 150s sw run3: 244.42s
compress_crf28 150s sw run1: 22.58s
compress_crf28 150s sw run2: 22.82s
compress_crf28 150s sw run3: 22.89s
compress_crf28 150s hw run1: 9.58s
compress_crf28 150s hw run2: 9.56s
compress_crf28 150s hw run3: 9.56s
audio_mp3 150s sw run1: 1.03s
audio_mp3 150s sw run2: 1.03s
audio_mp3 150s sw run3: 1.03s
gif_480_15 150s sw run1: 67.28s
gif_480_15 150s sw run2: 69.96s
gif_480_15 150s sw run3: 69.22s
trim_copy 150s sw run1: 0.05s
trim_copy 150s sw run2: 0.05s
trim_copy 150s sw run3: 0.05s
stripmeta_copy 150s sw run1: 0.06s
stripmeta_copy 150s sw run2: 0.06s
stripmeta_copy 150s sw run3: 0.07s
rotate90 150s sw run1: 24.39s
rotate90 150s sw run2: 25.19s
rotate90 150s sw run3: 25.05s
rotate90 150s hw run1: 9.66s
rotate90 150s hw run2: 9.65s
rotate90 150s hw run3: 9.67s
webm_vp9 600s sw run1: 927.70s
webm_vp9 600s sw run2: 937.16s
webm_vp9 600s sw run3: 941.74s
compress_crf28 600s sw run1: 80.93s
compress_crf28 600s sw run2: 81.49s
compress_crf28 600s sw run3: 82.24s
compress_crf28 600s hw run1: 37.33s
compress_crf28 600s hw run2: 37.32s
compress_crf28 600s hw run3: 37.34s
audio_mp3 600s sw run1: 4.00s
audio_mp3 600s sw run2: 3.99s
audio_mp3 600s sw run3: 4.02s
gif_480_15 600s sw run1: 260.70s
gif_480_15 600s sw run2: 262.72s
gif_480_15 600s sw run3: 261.90s
trim_copy 600s sw run1: 0.08s
trim_copy 600s sw run2: 0.08s
trim_copy 600s sw run3: 0.10s
stripmeta_copy 600s sw run1: 0.12s
stripmeta_copy 600s sw run2: 0.13s
stripmeta_copy 600s sw run3: 0.13s
rotate90 600s sw run1: 90.74s
rotate90 600s sw run2: 103.21s
rotate90 600s sw run3: 103.65s
rotate90 600s hw run1: 37.44s
rotate90 600s hw run2: 37.33s
rotate90 600s hw run3: 37.33s
DONE
